  ok   src\init.lua
  ok   src\Background\Background.lua
  ok   src\Background\Snow.lua
  ok   src\Components\Draggable.lua
  ok   src\Components\Element.lua
  ok   src\Components\Icon.lua
  ok   src\Components\Section.lua
  ok   src\Components\SubTab.lua
  ok   src\Components\Tab.lua
  ok   src\Components\Window.lua
  ok   src\Components\Elements\Alert.lua
  ok   src\Components\Elements\Button.lua
  ok   src\Components\Elements\ColorPicker.lua
  ok   src\Components\Elements\Divider.lua
  ok   src\Components\Elements\Dropdown.lua
  ok   src\Components\Elements\Image.lua
  ok   src\Components\Elements\ImageGrid.lua
  ok   src\Components\Elements\Input.lua
  ok   src\Components\Elements\Keybind.lua
  ok   src\Components\Elements\Label.lua
  ok   src\Components\Elements\Paragraph.lua
  ok   src\Components\Elements\Slider.lua
  ok   src\Components\Elements\Toggle.lua
  ok   src\Core\Flag.lua
  ok   src\Core\Instance.lua
  ok   src\Core\Keybind.lua
  ok   src\Core\Signal.lua
  ok   src\Core\Theme.lua
  ok   src\Core\Tween.lua
  ok   src\Core\Util.lua
  ok   src\System\Console.lua
  ok   src\System\Credits.lua
  ok   src\System\Hotkeys.lua
  ok   src\System\IconBar.lua
  ok   src\System\KeySystem.lua
  ok   src\System\Notification.lua
  ok   src\System\TopBar.lua
  ok   dist\StarlightUI.lua
  ok   examples\Starlight.lua
39 file(s), 0 failure(s)
