dumped C:\Users\irakl\Downloads\Ui-Library-Test\.freebuff\out\dump.json
rendered C:\Users\irakl\Downloads\Ui-Library-Test\.freebuff\out\render.png (1536, 799)
region             colour structure%
watermark            7.56      98.3%  #######################################
skin-changer        22.21      94.7%  #####################################
alert                7.69      94.5%  #####################################
panel-left          19.92      93.4%  #####################################
credits             15.15      90.9%  ####################################
esp                 17.67      90.7%  ####################################
panel-right         21.63      89.4%  ###################################
window              17.13      87.6%  ###################################
topbar              22.16      82.6%  #################################
key-system           8.51      80.1%  ################################
hotkeys             17.00      79.3%  ###############################
tabs                 7.72      77.1%  ##############################
icon-bar            20.24      75.8%  ##############################
notifications        8.01      67.0%  ##########################
window-header        6.90      61.8%  ########################
OVERALL             15.54      89.9%
wrote C:\Users\irakl\Downloads\Ui-Library-Test\.freebuff\out\side_by_side.png
wrote region sheets to C:\Users\irakl\Downloads\Ui-Library-Test\.freebuff\out\regions
